// Jest Snapshot v1, https://goo.gl/fbAQLP

exports[`Решение должно отрабатывать - 1 1`] = `
<entry>
  
        
  <div>
    
          
    <div>
      Блок 1
    </div>
    
          
    <div>
      Блок 2
    </div>
    <div>
      Блок 2
    </div>
    <div>
      Блок 2
    </div>
    
        
  </div>
  
      
</entry>
`;

exports[`Решение должно отрабатывать, когда работа отсутствует 1`] = `<entry />`;
